  ResourceSpider.Core -> d:\Work\repos\ResourceSpider\src\ResourceSpider.Core\bin\Debug\net10.0\ResourceSpider.Core.dll
  ResourceSpider.Infrastructure -> d:\Work\repos\ResourceSpider\src\ResourceSpider.Infrastructure\bin\Debug\net10.0\ResourceSpider.Infrastructure.dll
  ResourceSpider.Agent -> d:\Work\repos\ResourceSpider\src\ResourceSpider.Agent\bin\Debug\net10.0\ResourceSpider.Agent.dll
d:\Work\repos\ResourceSpider\src\ResourceSpider.Server\Components\Pages\AdminTaskSteps.razor(213,31): error CS1061: 鈥淎dminApiClient鈥濇湭鍖呭惈鈥淕etTaskStepsAsync鈥濈殑瀹氫箟锛屽苟涓旀壘涓嶅埌鍙帴鍙楃涓€涓€淎dminApiClient鈥濈被鍨嬪弬鏁扮殑鍙闂墿灞曟柟娉曗€淕etTaskStepsAsync鈥?鏄惁缂哄皯 using 鎸囦护鎴栫▼搴忛泦寮曠敤?) [d:\Work\repos\ResourceSpider\src\ResourceSpider.Server\ResourceSpider.Server.csproj]
d:\Work\repos\ResourceSpider\src\ResourceSpider.Server\Components\Pages\AdminProfile.razor(90,37): error CS1061: 鈥淎dminApiClient鈥濇湭鍖呭惈鈥淕etCurrentAdminInfoAsync鈥濈殑瀹氫箟锛屽苟涓旀壘涓嶅埌鍙帴鍙楃涓€涓€淎dminApiClient鈥濈被鍨嬪弬鏁扮殑鍙闂墿灞曟柟娉曗€淕etCurrentAdminInfoAsync鈥?鏄惁缂哄皯 using 鎸囦护鎴栫▼搴忛泦寮曠敤?) [d:\Work\repos\ResourceSpider\src\ResourceSpider.Server\ResourceSpider.Server.csproj]
d:\Work\repos\ResourceSpider\src\ResourceSpider.Server\Components\Pages\AdminProfile.razor(103,78): error CS0246: 鏈兘鎵惧埌绫诲瀷鎴栧懡鍚嶇┖闂村悕鈥淯pdateAdminProfileRequest鈥?鏄惁缂哄皯 using 鎸囦护鎴栫▼搴忛泦寮曠敤?) [d:\Work\repos\ResourceSpider\src\ResourceSpider.Server\ResourceSpider.Server.csproj]
d:\Work\repos\ResourceSpider\src\ResourceSpider.Server\Components\Pages\AdminProfile.razor(103,50): error CS1061: 鈥淎dminApiClient鈥濇湭鍖呭惈鈥淯pdateAdminProfileAsync鈥濈殑瀹氫箟锛屽苟涓旀壘涓嶅埌鍙帴鍙楃涓€涓€淎dminApiClient鈥濈被鍨嬪弬鏁扮殑鍙闂墿灞曟柟娉曗€淯pdateAdminProfileAsync鈥?鏄惁缂哄皯 using 鎸囦护鎴栫▼搴忛泦寮曠敤?) [d:\Work\repos\ResourceSpider\src\ResourceSpider.Server\ResourceSpider.Server.csproj]
d:\Work\repos\ResourceSpider\src\ResourceSpider.Server\Components\Pages\AdminProfile.razor(103,14): error CS8130: 鏃犳硶鎺ㄦ柇闅愬紡绫诲瀷鐨勬瀽鏋勫彉閲忊€渟uccess鈥濈殑绫诲瀷銆?[d:\Work\repos\ResourceSpider\src\ResourceSpider.Server\ResourceSpider.Server.csproj]
d:\Work\repos\ResourceSpider\src\ResourceSpider.Server\Components\Pages\AdminProfile.razor(103,23): error CS8130: 鏃犳硶鎺ㄦ柇闅愬紡绫诲瀷鐨勬瀽鏋勫彉閲忊€渕essage鈥濈殑绫诲瀷銆?[d:\Work\repos\ResourceSpider\src\ResourceSpider.Server\ResourceSpider.Server.csproj]
d:\Work\repos\ResourceSpider\src\ResourceSpider.Server\Components\Pages\AdminProfile.razor(110,17): error CS1061: 鈥淎dminSessionState鈥濇湭鍖呭惈鈥淯pdateUsername鈥濈殑瀹氫箟锛屽苟涓旀壘涓嶅埌鍙帴鍙楃涓€涓€淎dminSessionState鈥濈被鍨嬪弬鏁扮殑鍙闂墿灞曟柟娉曗€淯pdateUsername鈥?鏄惁缂哄皯 using 鎸囦护鎴栫▼搴忛泦寮曠敤?) [d:\Work\repos\ResourceSpider\src\ResourceSpider.Server\ResourceSpider.Server.csproj]
d:\Work\repos\ResourceSpider\src\ResourceSpider.Server\Components\Pages\AdminProfile.razor(129,79): error CS0246: 鏈兘鎵惧埌绫诲瀷鎴栧懡鍚嶇┖闂村悕鈥淐hangeAdminPasswordRequest鈥?鏄惁缂哄皯 using 鎸囦护鎴栫▼搴忛泦寮曠敤?) [d:\Work\repos\ResourceSpider\src\ResourceSpider.Server\ResourceSpider.Server.csproj]
d:\Work\repos\ResourceSpider\src\ResourceSpider.Server\Components\Pages\AdminProfile.razor(129,50): error CS1061: 鈥淎dminApiClient鈥濇湭鍖呭惈鈥淐hangeAdminPasswordAsync鈥濈殑瀹氫箟锛屽苟涓旀壘涓嶅埌鍙帴鍙楃涓€涓€淎dminApiClient鈥濈被鍨嬪弬鏁扮殑鍙闂墿灞曟柟娉曗€淐hangeAdminPasswordAsync鈥?鏄惁缂哄皯 using 鎸囦护鎴栫▼搴忛泦寮曠敤?) [d:\Work\repos\ResourceSpider\src\ResourceSpider.Server\ResourceSpider.Server.csproj]
d:\Work\repos\ResourceSpider\src\ResourceSpider.Server\Components\Pages\AdminProfile.razor(129,14): error CS8130: 鏃犳硶鎺ㄦ柇闅愬紡绫诲瀷鐨勬瀽鏋勫彉閲忊€渟uccess鈥濈殑绫诲瀷銆?[d:\Work\repos\ResourceSpider\src\ResourceSpider.Server\ResourceSpider.Server.csproj]
d:\Work\repos\ResourceSpider\src\ResourceSpider.Server\Components\Pages\AdminProfile.razor(129,23): error CS8130: 鏃犳硶鎺ㄦ柇闅愬紡绫诲瀷鐨勬瀽鏋勫彉閲忊€渕essage鈥濈殑绫诲瀷銆?[d:\Work\repos\ResourceSpider\src\ResourceSpider.Server\ResourceSpider.Server.csproj]
d:\Work\repos\ResourceSpider\src\ResourceSpider.Server\Components\Pages\AdminTaskSteps.razor(301,54): error CS1061: 鈥淎dminApiClient鈥濇湭鍖呭惈鈥淯pdateTaskStepAsync鈥濈殑瀹氫箟锛屽苟涓旀壘涓嶅埌鍙帴鍙楃涓€涓€淎dminApiClient鈥濈被鍨嬪弬鏁扮殑鍙闂墿灞曟柟娉曗€淯pdateTaskStepAsync鈥?鏄惁缂哄皯 using 鎸囦护鎴栫▼搴忛泦寮曠敤?) [d:\Work\repos\ResourceSpider\src\ResourceSpider.Server\ResourceSpider.Server.csproj]
d:\Work\repos\ResourceSpider\src\ResourceSpider.Server\Components\Pages\AdminTaskSteps.razor(301,18): error CS8130: 鏃犳硶鎺ㄦ柇闅愬紡绫诲瀷鐨勬瀽鏋勫彉閲忊€渟uccess鈥濈殑绫诲瀷銆?[d:\Work\repos\ResourceSpider\src\ResourceSpider.Server\ResourceSpider.Server.csproj]
d:\Work\repos\ResourceSpider\src\ResourceSpider.Server\Components\Pages\AdminTaskSteps.razor(301,27): error CS8130: 鏃犳硶鎺ㄦ柇闅愬紡绫诲瀷鐨勬瀽鏋勫彉閲忊€渕essage鈥濈殑绫诲瀷銆?[d:\Work\repos\ResourceSpider\src\ResourceSpider.Server\ResourceSpider.Server.csproj]
d:\Work\repos\ResourceSpider\src\ResourceSpider.Server\Components\Pages\AdminTaskSteps.razor(327,54): error CS1061: 鈥淎dminApiClient鈥濇湭鍖呭惈鈥淐reateTaskStepAsync鈥濈殑瀹氫箟锛屽苟涓旀壘涓嶅埌鍙帴鍙楃涓€涓€淎dminApiClient鈥濈被鍨嬪弬鏁扮殑鍙闂墿灞曟柟娉曗€淐reateTaskStepAsync鈥?鏄惁缂哄皯 using 鎸囦护鎴栫▼搴忛泦寮曠敤?) [d:\Work\repos\ResourceSpider\src\ResourceSpider.Server\ResourceSpider.Server.csproj]
d:\Work\repos\ResourceSpider\src\ResourceSpider.Server\Components\Pages\AdminTaskSteps.razor(327,18): error CS8130: 鏃犳硶鎺ㄦ柇闅愬紡绫诲瀷鐨勬瀽鏋勫彉閲忊€渟uccess鈥濈殑绫诲瀷銆?[d:\Work\repos\ResourceSpider\src\ResourceSpider.Server\ResourceSpider.Server.csproj]
d:\Work\repos\ResourceSpider\src\ResourceSpider.Server\Components\Pages\AdminTaskSteps.razor(327,27): error CS8130: 鏃犳硶鎺ㄦ柇闅愬紡绫诲瀷鐨勬瀽鏋勫彉閲忊€渕essage鈥濈殑绫诲瀷銆?[d:\Work\repos\ResourceSpider\src\ResourceSpider.Server\ResourceSpider.Server.csproj]
d:\Work\repos\ResourceSpider\src\ResourceSpider.Server\Components\Pages\AdminTaskSteps.razor(358,50): error CS1061: 鈥淎dminApiClient鈥濇湭鍖呭惈鈥淒eleteTaskStepAsync鈥濈殑瀹氫箟锛屽苟涓旀壘涓嶅埌鍙帴鍙楃涓€涓€淎dminApiClient鈥濈被鍨嬪弬鏁扮殑鍙闂墿灞曟柟娉曗€淒eleteTaskStepAsync鈥?鏄惁缂哄皯 using 鎸囦护鎴栫▼搴忛泦寮曠敤?) [d:\Work\repos\ResourceSpider\src\ResourceSpider.Server\ResourceSpider.Server.csproj]
d:\Work\repos\ResourceSpider\src\ResourceSpider.Server\Components\Pages\AdminTaskSteps.razor(358,14): error CS8130: 鏃犳硶鎺ㄦ柇闅愬紡绫诲瀷鐨勬瀽鏋勫彉閲忊€渟uccess鈥濈殑绫诲瀷銆?[d:\Work\repos\ResourceSpider\src\ResourceSpider.Server\ResourceSpider.Server.csproj]
d:\Work\repos\ResourceSpider\src\ResourceSpider.Server\Components\Pages\AdminTaskSteps.razor(358,23): error CS8130: 鏃犳硶鎺ㄦ柇闅愬紡绫诲瀷鐨勬瀽鏋勫彉閲忊€渕essage鈥濈殑绫诲瀷銆?[d:\Work\repos\ResourceSpider\src\ResourceSpider.Server\ResourceSpider.Server.csproj]
d:\Work\repos\ResourceSpider\src\ResourceSpider.Server\Components\Pages\AdminAgents.razor(199,17): error CS7036: 鏈彁渚涗笌鈥淯pdateAgentRequest.UpdateAgentRequest(string?, List<string>?, string?, Dictionary<string, object?>?)鈥濈殑鎵€闇€鍙傛暟鈥淐onfig鈥濆搴旂殑鍙傛暟 [d:\Work\repos\ResourceSpider\src\ResourceSpider.Server\ResourceSpider.Server.csproj]
d:\Work\repos\ResourceSpider\src\ResourceSpider.Server\Components\Pages\AdminAgents.razor(197,14): error CS8130: 鏃犳硶鎺ㄦ柇闅愬紡绫诲瀷鐨勬瀽鏋勫彉閲忊€渟uccess鈥濈殑绫诲瀷銆?[d:\Work\repos\ResourceSpider\src\ResourceSpider.Server\ResourceSpider.Server.csproj]
d:\Work\repos\ResourceSpider\src\ResourceSpider.Server\Components\Pages\AdminAgents.razor(197,23): error CS8130: 鏃犳硶鎺ㄦ柇闅愬紡绫诲瀷鐨勬瀽鏋勫彉閲忊€渕essage鈥濈殑绫诲瀷銆?[d:\Work\repos\ResourceSpider\src\ResourceSpider.Server\ResourceSpider.Server.csproj]
d:\Work\repos\ResourceSpider\src\ResourceSpider.Server\Components\Pages\AdminTasks.razor(221,47): error CS0019: 杩愮畻绗︹€??鈥濇棤娉曞簲鐢ㄤ簬鈥渋nt鈥濆拰鈥渟tring鈥濈被鍨嬬殑鎿嶄綔鏁?[d:\Work\repos\ResourceSpider\src\ResourceSpider.Server\ResourceSpider.Server.csproj]
d:\Work\repos\ResourceSpider\src\ResourceSpider.Server\Components\Pages\AdminTasks.razor(222,52): error CS1061: 鈥淭askExecutionDto鈥濇湭鍖呭惈鈥淪tartTime鈥濈殑瀹氫箟锛屽苟涓旀壘涓嶅埌鍙帴鍙楃涓€涓€淭askExecutionDto鈥濈被鍨嬪弬鏁扮殑鍙闂墿灞曟柟娉曗€淪tartTime鈥?鏄惁缂哄皯 using 鎸囦护鎴栫▼搴忛泦寮曠敤?) [d:\Work\repos\ResourceSpider\src\ResourceSpider.Server\ResourceSpider.Server.csproj]
d:\Work\repos\ResourceSpider\src\ResourceSpider.Server\Components\Pages\AdminTasks.razor(222,78): error CS1061: 鈥淭askExecutionDto鈥濇湭鍖呭惈鈥淪tartTime鈥濈殑瀹氫箟锛屽苟涓旀壘涓嶅埌鍙帴鍙楃涓€涓€淭askExecutionDto鈥濈被鍨嬪弬鏁扮殑鍙闂墿灞曟柟娉曗€淪tartTime鈥?鏄惁缂哄皯 using 鎸囦护鎴栫▼搴忛泦寮曠敤?) [d:\Work\repos\ResourceSpider\src\ResourceSpider.Server\ResourceSpider.Server.csproj]
d:\Work\repos\ResourceSpider\src\ResourceSpider.Server\Components\Pages\AdminTasks.razor(223,52): error CS1061: 鈥淭askExecutionDto鈥濇湭鍖呭惈鈥淓ndTime鈥濈殑瀹氫箟锛屽苟涓旀壘涓嶅埌鍙帴鍙楃涓€涓€淭askExecutionDto鈥濈被鍨嬪弬鏁扮殑鍙闂墿灞曟柟娉曗€淓ndTime鈥?鏄惁缂哄皯 using 鎸囦护鎴栫▼搴忛泦寮曠敤?) [d:\Work\repos\ResourceSpider\src\ResourceSpider.Server\ResourceSpider.Server.csproj]
d:\Work\repos\ResourceSpider\src\ResourceSpider.Server\Components\Pages\AdminTasks.razor(223,76): error CS1061: 鈥淭askExecutionDto鈥濇湭鍖呭惈鈥淓ndTime鈥濈殑瀹氫箟锛屽苟涓旀壘涓嶅埌鍙帴鍙楃涓€涓€淭askExecutionDto鈥濈被鍨嬪弬鏁扮殑鍙闂墿灞曟柟娉曗€淓ndTime鈥?鏄惁缂哄皯 using 鎸囦护鎴栫▼搴忛泦寮曠敤?) [d:\Work\repos\ResourceSpider\src\ResourceSpider.Server\ResourceSpider.Server.csproj]
d:\Work\repos\ResourceSpider\src\ResourceSpider.Server\Components\Pages\AdminTasks.razor(224,52): error CS1061: 鈥淭askExecutionDto鈥濇湭鍖呭惈鈥淒uration鈥濈殑瀹氫箟锛屽苟涓旀壘涓嶅埌鍙帴鍙楃涓€涓€淭askExecutionDto鈥濈被鍨嬪弬鏁扮殑鍙闂墿灞曟柟娉曗€淒uration鈥?鏄惁缂哄皯 using 鎸囦护鎴栫▼搴忛泦寮曠敤?) [d:\Work\repos\ResourceSpider\src\ResourceSpider.Server\ResourceSpider.Server.csproj]
d:\Work\repos\ResourceSpider\src\ResourceSpider.Server\Components\Pages\AdminTasks.razor(224,77): error CS1061: 鈥淭askExecutionDto鈥濇湭鍖呭惈鈥淒uration鈥濈殑瀹氫箟锛屽苟涓旀壘涓嶅埌鍙帴鍙楃涓€涓€淭askExecutionDto鈥濈被鍨嬪弬鏁扮殑鍙闂墿灞曟柟娉曗€淒uration鈥?鏄惁缂哄皯 using 鎸囦护鎴栫▼搴忛泦寮曠敤?) [d:\Work\repos\ResourceSpider\src\ResourceSpider.Server\ResourceSpider.Server.csproj]
d:\Work\repos\ResourceSpider\src\ResourceSpider.Server\Components\Pages\AdminTasks.razor(254,51): error CS1061: 鈥淭askStepDto鈥濇湭鍖呭惈鈥淪tepType鈥濈殑瀹氫箟锛屽苟涓旀壘涓嶅埌鍙帴鍙楃涓€涓€淭askStepDto鈥濈被鍨嬪弬鏁扮殑鍙闂墿灞曟柟娉曗€淪tepType鈥?鏄惁缂哄皯 using 鎸囦护鎴栫▼搴忛泦寮曠敤?) [d:\Work\repos\ResourceSpider\src\ResourceSpider.Server\ResourceSpider.Server.csproj]
d:\Work\repos\ResourceSpider\src\ResourceSpider.Server\Components\Pages\AdminLogin.razor(64,21): warning CS0414: 瀛楁鈥淎dminLogin._errorMessage鈥濆凡琚祴鍊硷紝浣嗕粠鏈娇鐢ㄨ繃瀹冪殑鍊?[d:\Work\repos\ResourceSpider\src\ResourceSpider.Server\ResourceSpider.Server.csproj]

鐢熸垚澶辫触銆?

d:\Work\repos\ResourceSpider\src\ResourceSpider.Server\Components\Pages\AdminLogin.razor(64,21): warning CS0414: 瀛楁鈥淎dminLogin._errorMessage鈥濆凡琚祴鍊硷紝浣嗕粠鏈娇鐢ㄨ繃瀹冪殑鍊?[d:\Work\repos\ResourceSpider\src\ResourceSpider.Server\ResourceSpider.Server.csproj]
d:\Work\repos\ResourceSpider\src\ResourceSpider.Server\Components\Pages\AdminTaskSteps.razor(213,31): error CS1061: 鈥淎dminApiClient鈥濇湭鍖呭惈鈥淕etTaskStepsAsync鈥濈殑瀹氫箟锛屽苟涓旀壘涓嶅埌鍙帴鍙楃涓€涓€淎dminApiClient鈥濈被鍨嬪弬鏁扮殑鍙闂墿灞曟柟娉曗€淕etTaskStepsAsync鈥?鏄惁缂哄皯 using 鎸囦护鎴栫▼搴忛泦寮曠敤?) [d:\Work\repos\ResourceSpider\src\ResourceSpider.Server\ResourceSpider.Server.csproj]
d:\Work\repos\ResourceSpider\src\ResourceSpider.Server\Components\Pages\AdminProfile.razor(90,37): error CS1061: 鈥淎dminApiClient鈥濇湭鍖呭惈鈥淕etCurrentAdminInfoAsync鈥濈殑瀹氫箟锛屽苟涓旀壘涓嶅埌鍙帴鍙楃涓€涓€淎dminApiClient鈥濈被鍨嬪弬鏁扮殑鍙闂墿灞曟柟娉曗€淕etCurrentAdminInfoAsync鈥?鏄惁缂哄皯 using 鎸囦护鎴栫▼搴忛泦寮曠敤?) [d:\Work\repos\ResourceSpider\src\ResourceSpider.Server\ResourceSpider.Server.csproj]
d:\Work\repos\ResourceSpider\src\ResourceSpider.Server\Components\Pages\AdminProfile.razor(103,78): error CS0246: 鏈兘鎵惧埌绫诲瀷鎴栧懡鍚嶇┖闂村悕鈥淯pdateAdminProfileRequest鈥?鏄惁缂哄皯 using 鎸囦护鎴栫▼搴忛泦寮曠敤?) [d:\Work\repos\ResourceSpider\src\ResourceSpider.Server\ResourceSpider.Server.csproj]
d:\Work\repos\ResourceSpider\src\ResourceSpider.Server\Components\Pages\AdminProfile.razor(103,50): error CS1061: 鈥淎dminApiClient鈥濇湭鍖呭惈鈥淯pdateAdminProfileAsync鈥濈殑瀹氫箟锛屽苟涓旀壘涓嶅埌鍙帴鍙楃涓€涓€淎dminApiClient鈥濈被鍨嬪弬鏁扮殑鍙闂墿灞曟柟娉曗€淯pdateAdminProfileAsync鈥?鏄惁缂哄皯 using 鎸囦护鎴栫▼搴忛泦寮曠敤?) [d:\Work\repos\ResourceSpider\src\ResourceSpider.Server\ResourceSpider.Server.csproj]
d:\Work\repos\ResourceSpider\src\ResourceSpider.Server\Components\Pages\AdminProfile.razor(103,14): error CS8130: 鏃犳硶鎺ㄦ柇闅愬紡绫诲瀷鐨勬瀽鏋勫彉閲忊€渟uccess鈥濈殑绫诲瀷銆?[d:\Work\repos\ResourceSpider\src\ResourceSpider.Server\ResourceSpider.Server.csproj]
d:\Work\repos\ResourceSpider\src\ResourceSpider.Server\Components\Pages\AdminProfile.razor(103,23): error CS8130: 鏃犳硶鎺ㄦ柇闅愬紡绫诲瀷鐨勬瀽鏋勫彉閲忊€渕essage鈥濈殑绫诲瀷銆?[d:\Work\repos\ResourceSpider\src\ResourceSpider.Server\ResourceSpider.Server.csproj]
d:\Work\repos\ResourceSpider\src\ResourceSpider.Server\Components\Pages\AdminProfile.razor(110,17): error CS1061: 鈥淎dminSessionState鈥濇湭鍖呭惈鈥淯pdateUsername鈥濈殑瀹氫箟锛屽苟涓旀壘涓嶅埌鍙帴鍙楃涓€涓€淎dminSessionState鈥濈被鍨嬪弬鏁扮殑鍙闂墿灞曟柟娉曗€淯pdateUsername鈥?鏄惁缂哄皯 using 鎸囦护鎴栫▼搴忛泦寮曠敤?) [d:\Work\repos\ResourceSpider\src\ResourceSpider.Server\ResourceSpider.Server.csproj]
d:\Work\repos\ResourceSpider\src\ResourceSpider.Server\Components\Pages\AdminProfile.razor(129,79): error CS0246: 鏈兘鎵惧埌绫诲瀷鎴栧懡鍚嶇┖闂村悕鈥淐hangeAdminPasswordRequest鈥?鏄惁缂哄皯 using 鎸囦护鎴栫▼搴忛泦寮曠敤?) [d:\Work\repos\ResourceSpider\src\ResourceSpider.Server\ResourceSpider.Server.csproj]
d:\Work\repos\ResourceSpider\src\ResourceSpider.Server\Components\Pages\AdminProfile.razor(129,50): error CS1061: 鈥淎dminApiClient鈥濇湭鍖呭惈鈥淐hangeAdminPasswordAsync鈥濈殑瀹氫箟锛屽苟涓旀壘涓嶅埌鍙帴鍙楃涓€涓€淎dminApiClient鈥濈被鍨嬪弬鏁扮殑鍙闂墿灞曟柟娉曗€淐hangeAdminPasswordAsync鈥?鏄惁缂哄皯 using 鎸囦护鎴栫▼搴忛泦寮曠敤?) [d:\Work\repos\ResourceSpider\src\ResourceSpider.Server\ResourceSpider.Server.csproj]
d:\Work\repos\ResourceSpider\src\ResourceSpider.Server\Components\Pages\AdminProfile.razor(129,14): error CS8130: 鏃犳硶鎺ㄦ柇闅愬紡绫诲瀷鐨勬瀽鏋勫彉閲忊€渟uccess鈥濈殑绫诲瀷銆?[d:\Work\repos\ResourceSpider\src\ResourceSpider.Server\ResourceSpider.Server.csproj]
d:\Work\repos\ResourceSpider\src\ResourceSpider.Server\Components\Pages\AdminProfile.razor(129,23): error CS8130: 鏃犳硶鎺ㄦ柇闅愬紡绫诲瀷鐨勬瀽鏋勫彉閲忊€渕essage鈥濈殑绫诲瀷銆?[d:\Work\repos\ResourceSpider\src\ResourceSpider.Server\ResourceSpider.Server.csproj]
d:\Work\repos\ResourceSpider\src\ResourceSpider.Server\Components\Pages\AdminTaskSteps.razor(301,54): error CS1061: 鈥淎dminApiClient鈥濇湭鍖呭惈鈥淯pdateTaskStepAsync鈥濈殑瀹氫箟锛屽苟涓旀壘涓嶅埌鍙帴鍙楃涓€涓€淎dminApiClient鈥濈被鍨嬪弬鏁扮殑鍙闂墿灞曟柟娉曗€淯pdateTaskStepAsync鈥?鏄惁缂哄皯 using 鎸囦护鎴栫▼搴忛泦寮曠敤?) [d:\Work\repos\ResourceSpider\src\ResourceSpider.Server\ResourceSpider.Server.csproj]
d:\Work\repos\ResourceSpider\src\ResourceSpider.Server\Components\Pages\AdminTaskSteps.razor(301,18): error CS8130: 鏃犳硶鎺ㄦ柇闅愬紡绫诲瀷鐨勬瀽鏋勫彉閲忊€渟uccess鈥濈殑绫诲瀷銆?[d:\Work\repos\ResourceSpider\src\ResourceSpider.Server\ResourceSpider.Server.csproj]
d:\Work\repos\ResourceSpider\src\ResourceSpider.Server\Components\Pages\AdminTaskSteps.razor(301,27): error CS8130: 鏃犳硶鎺ㄦ柇闅愬紡绫诲瀷鐨勬瀽鏋勫彉閲忊€渕essage鈥濈殑绫诲瀷銆?[d:\Work\repos\ResourceSpider\src\ResourceSpider.Server\ResourceSpider.Server.csproj]
d:\Work\repos\ResourceSpider\src\ResourceSpider.Server\Components\Pages\AdminTaskSteps.razor(327,54): error CS1061: 鈥淎dminApiClient鈥濇湭鍖呭惈鈥淐reateTaskStepAsync鈥濈殑瀹氫箟锛屽苟涓旀壘涓嶅埌鍙帴鍙楃涓€涓€淎dminApiClient鈥濈被鍨嬪弬鏁扮殑鍙闂墿灞曟柟娉曗€淐reateTaskStepAsync鈥?鏄惁缂哄皯 using 鎸囦护鎴栫▼搴忛泦寮曠敤?) [d:\Work\repos\ResourceSpider\src\ResourceSpider.Server\ResourceSpider.Server.csproj]
d:\Work\repos\ResourceSpider\src\ResourceSpider.Server\Components\Pages\AdminTaskSteps.razor(327,18): error CS8130: 鏃犳硶鎺ㄦ柇闅愬紡绫诲瀷鐨勬瀽鏋勫彉閲忊€渟uccess鈥濈殑绫诲瀷銆?[d:\Work\repos\ResourceSpider\src\ResourceSpider.Server\ResourceSpider.Server.csproj]
d:\Work\repos\ResourceSpider\src\ResourceSpider.Server\Components\Pages\AdminTaskSteps.razor(327,27): error CS8130: 鏃犳硶鎺ㄦ柇闅愬紡绫诲瀷鐨勬瀽鏋勫彉閲忊€渕essage鈥濈殑绫诲瀷銆?[d:\Work\repos\ResourceSpider\src\ResourceSpider.Server\ResourceSpider.Server.csproj]
d:\Work\repos\ResourceSpider\src\ResourceSpider.Server\Components\Pages\AdminTaskSteps.razor(358,50): error CS1061: 鈥淎dminApiClient鈥濇湭鍖呭惈鈥淒eleteTaskStepAsync鈥濈殑瀹氫箟锛屽苟涓旀壘涓嶅埌鍙帴鍙楃涓€涓€淎dminApiClient鈥濈被鍨嬪弬鏁扮殑鍙闂墿灞曟柟娉曗€淒eleteTaskStepAsync鈥?鏄惁缂哄皯 using 鎸囦护鎴栫▼搴忛泦寮曠敤?) [d:\Work\repos\ResourceSpider\src\ResourceSpider.Server\ResourceSpider.Server.csproj]
d:\Work\repos\ResourceSpider\src\ResourceSpider.Server\Components\Pages\AdminTaskSteps.razor(358,14): error CS8130: 鏃犳硶鎺ㄦ柇闅愬紡绫诲瀷鐨勬瀽鏋勫彉閲忊€渟uccess鈥濈殑绫诲瀷銆?[d:\Work\repos\ResourceSpider\src\ResourceSpider.Server\ResourceSpider.Server.csproj]
d:\Work\repos\ResourceSpider\src\ResourceSpider.Server\Components\Pages\AdminTaskSteps.razor(358,23): error CS8130: 鏃犳硶鎺ㄦ柇闅愬紡绫诲瀷鐨勬瀽鏋勫彉閲忊€渕essage鈥濈殑绫诲瀷銆?[d:\Work\repos\ResourceSpider\src\ResourceSpider.Server\ResourceSpider.Server.csproj]
d:\Work\repos\ResourceSpider\src\ResourceSpider.Server\Components\Pages\AdminAgents.razor(199,17): error CS7036: 鏈彁渚涗笌鈥淯pdateAgentRequest.UpdateAgentRequest(string?, List<string>?, string?, Dictionary<string, object?>?)鈥濈殑鎵€闇€鍙傛暟鈥淐onfig鈥濆搴旂殑鍙傛暟 [d:\Work\repos\ResourceSpider\src\ResourceSpider.Server\ResourceSpider.Server.csproj]
d:\Work\repos\ResourceSpider\src\ResourceSpider.Server\Components\Pages\AdminAgents.razor(197,14): error CS8130: 鏃犳硶鎺ㄦ柇闅愬紡绫诲瀷鐨勬瀽鏋勫彉閲忊€渟uccess鈥濈殑绫诲瀷銆?[d:\Work\repos\ResourceSpider\src\ResourceSpider.Server\ResourceSpider.Server.csproj]
d:\Work\repos\ResourceSpider\src\ResourceSpider.Server\Components\Pages\AdminAgents.razor(197,23): error CS8130: 鏃犳硶鎺ㄦ柇闅愬紡绫诲瀷鐨勬瀽鏋勫彉閲忊€渕essage鈥濈殑绫诲瀷銆?[d:\Work\repos\ResourceSpider\src\ResourceSpider.Server\ResourceSpider.Server.csproj]
d:\Work\repos\ResourceSpider\src\ResourceSpider.Server\Components\Pages\AdminTasks.razor(221,47): error CS0019: 杩愮畻绗︹€??鈥濇棤娉曞簲鐢ㄤ簬鈥渋nt鈥濆拰鈥渟tring鈥濈被鍨嬬殑鎿嶄綔鏁?[d:\Work\repos\ResourceSpider\src\ResourceSpider.Server\ResourceSpider.Server.csproj]
d:\Work\repos\ResourceSpider\src\ResourceSpider.Server\Components\Pages\AdminTasks.razor(222,52): error CS1061: 鈥淭askExecutionDto鈥濇湭鍖呭惈鈥淪tartTime鈥濈殑瀹氫箟锛屽苟涓旀壘涓嶅埌鍙帴鍙楃涓€涓€淭askExecutionDto鈥濈被鍨嬪弬鏁扮殑鍙闂墿灞曟柟娉曗€淪tartTime鈥?鏄惁缂哄皯 using 鎸囦护鎴栫▼搴忛泦寮曠敤?) [d:\Work\repos\ResourceSpider\src\ResourceSpider.Server\ResourceSpider.Server.csproj]
d:\Work\repos\ResourceSpider\src\ResourceSpider.Server\Components\Pages\AdminTasks.razor(222,78): error CS1061: 鈥淭askExecutionDto鈥濇湭鍖呭惈鈥淪tartTime鈥濈殑瀹氫箟锛屽苟涓旀壘涓嶅埌鍙帴鍙楃涓€涓€淭askExecutionDto鈥濈被鍨嬪弬鏁扮殑鍙闂墿灞曟柟娉曗€淪tartTime鈥?鏄惁缂哄皯 using 鎸囦护鎴栫▼搴忛泦寮曠敤?) [d:\Work\repos\ResourceSpider\src\ResourceSpider.Server\ResourceSpider.Server.csproj]
d:\Work\repos\ResourceSpider\src\ResourceSpider.Server\Components\Pages\AdminTasks.razor(223,52): error CS1061: 鈥淭askExecutionDto鈥濇湭鍖呭惈鈥淓ndTime鈥濈殑瀹氫箟锛屽苟涓旀壘涓嶅埌鍙帴鍙楃涓€涓€淭askExecutionDto鈥濈被鍨嬪弬鏁扮殑鍙闂墿灞曟柟娉曗€淓ndTime鈥?鏄惁缂哄皯 using 鎸囦护鎴栫▼搴忛泦寮曠敤?) [d:\Work\repos\ResourceSpider\src\ResourceSpider.Server\ResourceSpider.Server.csproj]
d:\Work\repos\ResourceSpider\src\ResourceSpider.Server\Components\Pages\AdminTasks.razor(223,76): error CS1061: 鈥淭askExecutionDto鈥濇湭鍖呭惈鈥淓ndTime鈥濈殑瀹氫箟锛屽苟涓旀壘涓嶅埌鍙帴鍙楃涓€涓€淭askExecutionDto鈥濈被鍨嬪弬鏁扮殑鍙闂墿灞曟柟娉曗€淓ndTime鈥?鏄惁缂哄皯 using 鎸囦护鎴栫▼搴忛泦寮曠敤?) [d:\Work\repos\ResourceSpider\src\ResourceSpider.Server\ResourceSpider.Server.csproj]
d:\Work\repos\ResourceSpider\src\ResourceSpider.Server\Components\Pages\AdminTasks.razor(224,52): error CS1061: 鈥淭askExecutionDto鈥濇湭鍖呭惈鈥淒uration鈥濈殑瀹氫箟锛屽苟涓旀壘涓嶅埌鍙帴鍙楃涓€涓€淭askExecutionDto鈥濈被鍨嬪弬鏁扮殑鍙闂墿灞曟柟娉曗€淒uration鈥?鏄惁缂哄皯 using 鎸囦护鎴栫▼搴忛泦寮曠敤?) [d:\Work\repos\ResourceSpider\src\ResourceSpider.Server\ResourceSpider.Server.csproj]
d:\Work\repos\ResourceSpider\src\ResourceSpider.Server\Components\Pages\AdminTasks.razor(224,77): error CS1061: 鈥淭askExecutionDto鈥濇湭鍖呭惈鈥淒uration鈥濈殑瀹氫箟锛屽苟涓旀壘涓嶅埌鍙帴鍙楃涓€涓€淭askExecutionDto鈥濈被鍨嬪弬鏁扮殑鍙闂墿灞曟柟娉曗€淒uration鈥?鏄惁缂哄皯 using 鎸囦护鎴栫▼搴忛泦寮曠敤?) [d:\Work\repos\ResourceSpider\src\ResourceSpider.Server\ResourceSpider.Server.csproj]
d:\Work\repos\ResourceSpider\src\ResourceSpider.Server\Components\Pages\AdminTasks.razor(254,51): error CS1061: 鈥淭askStepDto鈥濇湭鍖呭惈鈥淪tepType鈥濈殑瀹氫箟锛屽苟涓旀壘涓嶅埌鍙帴鍙楃涓€涓€淭askStepDto鈥濈被鍨嬪弬鏁扮殑鍙闂墿灞曟柟娉曗€淪tepType鈥?鏄惁缂哄皯 using 鎸囦护鎴栫▼搴忛泦寮曠敤?) [d:\Work\repos\ResourceSpider\src\ResourceSpider.Server\ResourceSpider.Server.csproj]
    1 涓鍛?
    31 涓敊璇?

宸茬敤鏃堕棿 00:00:03.37
